[10июл.2026 15:10:38.626] [main/INFO] [cpw.mods.modlauncher.Launcher/MODLAUNCHER]: ModLauncher running: args [--launchTarget, forgeclientdev, --version, 21.1.227, --assetIndex, asset-index, --assetsDir, C:\Users\Kostya\.gradle\caches\minecraft\assets, --gameDir, ., --fml.fmlVersion, 4.0.42, --fml.mcVersion, 1.21.1, --fml.neoForgeVersion, 21.1.227, --fml.neoFormVersion, 20240808.144430]
[10июл.2026 15:10:38.628] [main/INFO] [cpw.mods.modlauncher.Launcher/MODLAUNCHER]: JVM identified as Eclipse Adoptium OpenJDK 64-Bit Server VM 21.0.3+9-LTS
[10июл.2026 15:10:38.629] [main/INFO] [cpw.mods.modlauncher.Launcher/MODLAUNCHER]: ModLauncher 11.0.5+main.901c6ea8 starting: java version 21.0.3 by Eclipse Adoptium; OS Windows 11 arch amd64 version 10.0
[10июл.2026 15:10:38.708] [main/INFO] [net.neoforged.fml.loading.ImmediateWindowHandler/]: Loading ImmediateWindowProvider fmlearlywindow
[10июл.2026 15:10:38.802] [main/INFO] [EARLYDISPLAY/]: Trying GL version 4.6
[10июл.2026 15:10:38.903] [main/INFO] [EARLYDISPLAY/]: Requested GL version 4.6 got version 4.6
[10июл.2026 15:10:38.971] [main/INFO] [mixin/]: SpongePowered MIXIN Subsystem Version=0.8.7 Source=union:/C:/Users/Kostya/.gradle/caches/modules-2/files-2.1/net.fabricmc/sponge-mixin/0.15.2+mixin.0.8.7/2af2f021d8e02a0220dc27a7a72b4666d66d44ca/sponge-mixin-0.15.2+mixin.0.8.7.jar%23142!/ Service=ModLauncher Env=CLIENT
[10июл.2026 15:10:39.069] [main/INFO] [net.neoforged.fml.loading.moddiscovery.ModDiscoverer/SCAN]: Found mod file "neoforge-21.1.227.jar" [locator: neoforge devenv provider ([C:\Users\Kostya\Documents\GitHub\create_AES\.gradle\repositories\ng_dummy_ng\net\neoforged\neoforge\21.1.227\neoforge-21.1.227.jar])]
[10июл.2026 15:10:39.082] [main/INFO] [net.neoforged.fml.loading.moddiscovery.ModDiscoverer/SCAN]: Found mod file "neoforge-21.1.227.jar" [locator: neoforge devenv provider ([C:\Users\Kostya\Documents\GitHub\create_AES\.gradle\repositories\ng_dummy_ng\net\neoforged\neoforge\21.1.227\neoforge-21.1.227.jar])]
[10июл.2026 15:10:39.090] [main/INFO] [net.neoforged.fml.loading.moddiscovery.ModDiscoverer/SCAN]: Found mod file "jei-1.21.1-neoforge-19.27.0.340.jar" [locator: {mods folder locator at C:\Users\Kostya\Documents\GitHub\create_AES\runs\client\mods}, reader: mod manifest]
[10июл.2026 15:10:39.093] [main/INFO] [net.neoforged.fml.loading.moddiscovery.ModDiscoverer/SCAN]: Found mod file "main" [locator: userdev mods and services, reader: mod manifest]
[10июл.2026 15:10:39.110] [main/INFO] [net.neoforged.fml.loading.moddiscovery.ModDiscoverer/SCAN]: Found mod file "create-1.21.1-6.0.10 (1).jar" [locator: userdev mods and services, reader: mod manifest]
[10июл.2026 15:10:39.112] [main/INFO] [net.neoforged.fml.loading.moddiscovery.ModDiscoverer/SCAN]: Found mod file "create-aeronautics-bundled-1.21.1-1.2.1 (1).jar" [locator: userdev mods and services, reader: mod manifest]
[10июл.2026 15:10:39.115] [main/INFO] [net.neoforged.fml.loading.moddiscovery.ModDiscoverer/SCAN]: Found mod file "createdieselgenerators-1.21.1-1.3.13.jar" [locator: userdev mods and services, reader: mod manifest]
[10июл.2026 15:10:39.116] [main/INFO] [net.neoforged.fml.loading.moddiscovery.ModDiscoverer/SCAN]: Found mod file "ponder-neoforge-1.0.82+mc1.21.1.jar" [locator: userdev mods and services, reader: mod manifest]
[10июл.2026 15:10:39.118] [pool-2-thread-1/INFO] [EARLYDISPLAY/]: GL info: NVIDIA GeForce RTX 4060/PCIe/SSE2 GL version 4.6.0 NVIDIA 591.86, NVIDIA Corporation
[10июл.2026 15:10:39.119] [main/INFO] [net.neoforged.fml.loading.moddiscovery.ModDiscoverer/SCAN]: Found mod file "sable-neoforge-1.21.1-1.2.2 (1).jar" [locator: userdev mods and services, reader: mod manifest]
[10июл.2026 15:10:39.124] [main/INFO] [net.neoforged.fml.loading.moddiscovery.ModDiscoverer/SCAN]: Found mod file "neoforge-21.1.227.jar" [locator: userdev mods and services, reader: mod manifest]
[10июл.2026 15:10:39.158] [main/INFO] [net.neoforged.fml.loading.moddiscovery.ModDiscoverer/SCAN]: Found gamelibrary file "mixinextras-neoforge-0.5.3.jar" [locator: userdev mods and services, reader: mod manifest]
[10июл.2026 15:10:39.521] [main/WARN] [net.neoforged.jarjar.selection.JarSelector/]: Attempted to select a dependency jar for JarJar which was passed in as source: library:mixinextras.neoforge. Using Mod File: C:\Users\Kostya\.gradle\caches\modules-2\files-2.1\io.github.llamalad7\mixinextras-neoforge\0.5.3\a0919957808de97707c5fb4ce073e66aeef3e187\mixinextras-neoforge-0.5.3.jar
[10июл.2026 15:10:39.521] [main/WARN] [net.neoforged.jarjar.selection.JarSelector/]: Attempted to select a dependency jar for JarJar which was passed in as source: ponder. Using Mod File: C:\Users\Kostya\Documents\GitHub\create_AES\libs\ponder-neoforge-1.0.82+mc1.21.1.jar
[10июл.2026 15:10:39.521] [main/INFO] [net.neoforged.fml.loading.moddiscovery.locators.JarInJarDependencyLocator/]: Found 10 dependencies adding them to mods collection
[10июл.2026 15:10:39.522] [main/INFO] [net.neoforged.fml.loading.moddiscovery.ModDiscoverer/SCAN]: Found mod file "dev.eriksonn.aeronautics.aeronautics-neoforge-1.21.1-1.2.1.jar" [parent: create-aeronautics-bundled-1.21.1-1.2.1 (1).jar, locator: jarinjar, reader: mod manifest]
[10июл.2026 15:10:39.522] [main/INFO] [net.neoforged.fml.loading.moddiscovery.ModDiscoverer/SCAN]: Found library file "molang-compiler-3.1.1.19.jar" [parent: veil-neoforge-1.21.1-4.0.0.jar, locator: jarinjar]
[10июл.2026 15:10:39.522] [main/INFO] [net.neoforged.fml.loading.moddiscovery.ModDiscoverer/SCAN]: Found gamelibrary file "Registrate-MC1.21-1.3.0+67.jar" [parent: create-1.21.1-6.0.10 (1).jar, locator: jarinjar, reader: mod manifest]
[10июл.2026 15:10:39.522] [main/INFO] [net.neoforged.fml.loading.moddiscovery.ModDiscoverer/SCAN]: Found mod file "veil-neoforge-1.21.1-4.0.0.jar" [parent: sable-neoforge-1.21.1-1.2.2 (1).jar, locator: jarinjar, reader: mod manifest]
[10июл.2026 15:10:39.522] [main/INFO] [net.neoforged.fml.loading.moddiscovery.ModDiscoverer/SCAN]: Found mod file "dev.simulated_team.simulated.simulated-neoforge-1.21.1-1.2.1.jar" [parent: create-aeronautics-bundled-1.21.1-1.2.1 (1).jar, locator: jarinjar, reader: mod manifest]
[10июл.2026 15:10:39.522] [main/INFO] [net.neoforged.fml.loading.moddiscovery.ModDiscoverer/SCAN]: Found mod file "sable-companion-common-1.21.1-1.6.0.jar" [parent: createdieselgenerators-1.21.1-1.3.13.jar, locator: jarinjar, reader: mod manifest]
[10июл.2026 15:10:39.522] [main/INFO] [net.neoforged.fml.loading.moddiscovery.ModDiscoverer/SCAN]: Found mod file "flywheel-neoforge-1.21.1-1.0.6.jar" [parent: create-1.21.1-6.0.10 (1).jar, locator: jarinjar, reader: mod manifest]
[10июл.2026 15:10:39.522] [main/INFO] [net.neoforged.fml.loading.moddiscovery.ModDiscoverer/SCAN]: Found library file "glsl-processor-0.2.3.jar" [parent: veil-neoforge-1.21.1-4.0.0.jar, locator: jarinjar]
[10июл.2026 15:10:39.522] [main/INFO] [net.neoforged.fml.loading.moddiscovery.ModDiscoverer/SCAN]: Found mod file "dev.ryanhcode.offroad.offroad-neoforge-1.21.1-1.2.1.jar" [parent: create-aeronautics-bundled-1.21.1-1.2.1 (1).jar, locator: jarinjar, reader: mod manifest]
[10июл.2026 15:10:39.522] [main/INFO] [net.neoforged.fml.loading.moddiscovery.ModDiscoverer/SCAN]: Found library file "net.neoforged.neoforge-coremods-21.1.227.jar" [parent: neoforge-21.1.227.jar, locator: jarinjar, reader: mod manifest]
[10июл.2026 15:10:39.525] [main/INFO] [net.neoforged.fml.loading.moddiscovery.ModDiscoverer/]: 
     Mod List:
		Name Version (Mod Id)

		Create 6.0.10 (create)
		Create Aeronautics 1.2.1 (aeronautics)
		Create Aeronautics 1.2.1 (aeronautics_bundled)
		Create Diesel Generators 1.21.1-1.3.13 (createdieselgenerators)
		Create Offroad 1.2.1 (offroad)
		Create Simulated 1.2.1 (simulated)
		Create: Additional Energy Sources 1.0.0 (create_additional_energy_sourses)
		Flywheel 1.0.6 (flywheel)
		Just Enough Items 19.27.0.340 (jei)
		Minecraft 1.21.1 (minecraft)
		NeoForge 21.1.227 (neoforge)
		Ponder 1.0.82+mc1.21.1 (ponder)
		Sable 1.2.2 (sable)
		Sable Companion 1.6.0 (sablecompanion)
		Veil 4.0.0 (veil)
[10июл.2026 15:10:39.857] [main/INFO] [mixin/]: Compatibility level set to JAVA_21
[10июл.2026 15:10:39.882] [main/INFO] [cpw.mods.modlauncher.LaunchServiceHandler/MODLAUNCHER]: Launching target 'forgeclientdev' with arguments [--version, 21.1.227, --gameDir, ., --assetsDir, C:\Users\Kostya\.gradle\caches\minecraft\assets, --assetIndex, asset-index]
[10июл.2026 15:10:39.941] [main/WARN] [mixin/]: Reference map 'veil.refmap.json' for veil.command.mixins.json could not be read. If this is a development environment you can ignore this message
[10июл.2026 15:10:39.943] [main/WARN] [mixin/]: Reference map 'veil.refmap.json' for veil.debug.mixins.json could not be read. If this is a development environment you can ignore this message
[10июл.2026 15:10:39.943] [main/WARN] [mixin/]: Reference map 'veil.refmap.json' for veil.dynamicbuffer.mixins.json could not be read. If this is a development environment you can ignore this message
[10июл.2026 15:10:39.943] [main/WARN] [mixin/]: Reference map 'veil.refmap.json' for veil.fix.mixins.json could not be read. If this is a development environment you can ignore this message
[10июл.2026 15:10:39.943] [main/WARN] [mixin/]: Reference map 'veil.refmap.json' for veil.framebuffer.mixins.json could not be read. If this is a development environment you can ignore this message
[10июл.2026 15:10:39.944] [main/WARN] [mixin/]: Reference map 'veil.refmap.json' for veil.necromancer.mixins.json could not be read. If this is a development environment you can ignore this message
[10июл.2026 15:10:39.944] [main/WARN] [mixin/]: Reference map 'veil.refmap.json' for veil.network.mixins.json could not be read. If this is a development environment you can ignore this message
[10июл.2026 15:10:39.944] [main/WARN] [mixin/]: Reference map 'veil.refmap.json' for veil.performance.mixins.json could not be read. If this is a development environment you can ignore this message
[10июл.2026 15:10:39.944] [main/WARN] [mixin/]: Reference map 'veil.refmap.json' for veil.perspective.mixins.json could not be read. If this is a development environment you can ignore this message
[10июл.2026 15:10:39.944] [main/WARN] [mixin/]: Reference map 'veil.refmap.json' for veil.pipeline.mixins.json could not be read. If this is a development environment you can ignore this message
[10июл.2026 15:10:39.944] [main/WARN] [mixin/]: Reference map 'veil.refmap.json' for veil.quasar.mixins.json could not be read. If this is a development environment you can ignore this message
[10июл.2026 15:10:39.944] [main/WARN] [mixin/]: Reference map 'veil.refmap.json' for veil.registry.mixins.json could not be read. If this is a development environment you can ignore this message
[10июл.2026 15:10:39.944] [main/WARN] [mixin/]: Reference map 'veil.refmap.json' for veil.rendertype.mixins.json could not be read. If this is a development environment you can ignore this message
[10июл.2026 15:10:39.945] [main/WARN] [mixin/]: Reference map 'veil.refmap.json' for veil.resource.mixins.json could not be read. If this is a development environment you can ignore this message
[10июл.2026 15:10:39.945] [main/WARN] [mixin/]: Reference map 'veil.refmap.json' for veil.scheduler.mixins.json could not be read. If this is a development environment you can ignore this message
[10июл.2026 15:10:39.945] [main/WARN] [mixin/]: Reference map 'veil.refmap.json' for veil.shader.mixins.json could not be read. If this is a development environment you can ignore this message
[10июл.2026 15:10:39.946] [main/WARN] [mixin/]: Reference map 'veil.refmap.json' for veil.neoforge.mixins.json could not be read. If this is a development environment you can ignore this message
[10июл.2026 15:10:39.946] [main/WARN] [mixin/]: Reference map 'simulated.refmap.json' for simulated.mixins.json could not be read. If this is a development environment you can ignore this message
[10июл.2026 15:10:39.946] [main/WARN] [mixin/]: Reference map 'createdieselgenerators.refmap.json' for createdieselgenerators.mixins.json could not be read. If this is a development environment you can ignore this message
[10июл.2026 15:10:39.948] [main/WARN] [mixin/]: Reference map 'aeronautics.refmap.json' for aeronautics.mixins.json could not be read. If this is a development environment you can ignore this message
[10июл.2026 15:10:39.958] [main/WARN] [mixin/]: Reference map 'ponder.refmap.json' for ponder-common.mixins.json could not be read. If this is a development environment you can ignore this message
[10июл.2026 15:10:39.964] [main/INFO] [dev.ryanhcode.sable.mixin.AbstractSableMixinPlugin/]: Using Vanilla renderer mixins
[10июл.2026 15:10:39.965] [main/INFO] [dev.ryanhcode.sable.mixin.AbstractSableMixinPlugin/]: Using Vanilla renderer mixins
[10июл.2026 15:10:39.965] [main/WARN] [mixin/]: Reference map 'offroad.refmap.json' for offroad.mixins.json could not be read. If this is a development environment you can ignore this message
[10июл.2026 15:10:40.249] [main/WARN] [mixin/]: Error loading class: net/irisshaders/iris/pipeline/PipelineManager (java.lang.ClassNotFoundException: net.irisshaders.iris.pipeline.PipelineManager)
[10июл.2026 15:10:40.250] [main/WARN] [mixin/]: @Mixin target net.irisshaders.iris.pipeline.PipelineManager was not found veil.neoforge.mixins.json:client.perspective.iris.PipelineManagerMixin from mod veil
[10июл.2026 15:10:40.654] [main/INFO] [MixinExtras|Service/]: Initializing MixinExtras via com.llamalad7.mixinextras.service.MixinExtrasServiceImpl(version=0.5.3).
[10июл.2026 15:10:41.605] [Datafixer Bootstrap/INFO] [com.mojang.datafixers.DataFixerBuilder/]: 229 Datafixer optimizations took 219 milliseconds
[10июл.2026 15:10:44.582] [main/WARN] [net.minecraft.commands.Commands/]: Ambiguity between arguments [teleport, location] and [teleport, destination] with inputs: [0.1 -0.5 .9, 0 0 0]
[10июл.2026 15:10:44.583] [main/WARN] [net.minecraft.commands.Commands/]: Ambiguity between arguments [teleport, location] and [teleport, targets] with inputs: [0.1 -0.5 .9, 0 0 0]
[10июл.2026 15:10:44.584] [main/WARN] [net.minecraft.commands.Commands/]: Ambiguity between arguments [teleport, destination] and [teleport, targets] with inputs: [Player, 0123, @e, dd12be42-52a9-4a91-a8a1-11c01849e498]
[10июл.2026 15:10:44.585] [main/WARN] [net.minecraft.commands.Commands/]: Ambiguity between arguments [teleport, targets] and [teleport, destination] with inputs: [Player, 0123, dd12be42-52a9-4a91-a8a1-11c01849e498]
[10июл.2026 15:10:44.585] [main/WARN] [net.minecraft.commands.Commands/]: Ambiguity between arguments [teleport, targets, location] and [teleport, targets, destination] with inputs: [0.1 -0.5 .9, 0 0 0]
[10июл.2026 15:10:44.681] [Render thread/WARN] [net.minecraft.server.packs.VanillaPackResourcesBuilder/]: Assets URL 'union:/C:/Users/Kostya/Documents/GitHub/create_AES/.gradle/repositories/ng_dummy_ng/net/neoforged/neoforge/21.1.227/neoforge-21.1.227.jar%23196!/assets/.mcassetsroot' uses unexpected schema
[10июл.2026 15:10:44.681] [Render thread/WARN] [net.minecraft.server.packs.VanillaPackResourcesBuilder/]: Assets URL 'union:/C:/Users/Kostya/Documents/GitHub/create_AES/.gradle/repositories/ng_dummy_ng/net/neoforged/neoforge/21.1.227/neoforge-21.1.227.jar%23196!/data/.mcassetsroot' uses unexpected schema
[10июл.2026 15:10:44.695] [Render thread/INFO] [com.mojang.authlib.yggdrasil.YggdrasilAuthenticationService/]: Environment: Environment[sessionHost=https://sessionserver.mojang.com, servicesHost=https://api.minecraftservices.com, name=PROD]
[10июл.2026 15:10:44.699] [Render thread/INFO] [net.minecraft.client.Minecraft/]: Setting user: Dev
[10июл.2026 15:10:44.755] [Render thread/INFO] [net.minecraft.client.Minecraft/]: Backend library: LWJGL version 3.3.3+5
[10июл.2026 15:10:44.980] [modloading-worker-0/INFO] [Veil/]: Veil is initializing.
[10июл.2026 15:10:45.021] [modloading-worker-0/INFO] [net.neoforged.neoforge.common.NeoForgeMod/NEOFORGE-MOD]: NeoForge mod loading, version 21.1.227, for MC 1.21.1
[10июл.2026 15:10:45.262] [modloading-worker-0/INFO] [com.simibubi.create.Create/]: Create 6.0.10 initializing! Commit hash: ac0c444d9828da3453ae8cc65338e8de063286fb
[10июл.2026 15:10:45.265] [modloading-worker-0/INFO] [mezz.jei.library.load.PluginCaller/]: Sending ConfigManager...
[10июл.2026 15:10:45.268] [modloading-worker-0/INFO] [mezz.jei.library.load.PluginCaller/]: Sending ConfigManager took 2.560 milliseconds
[10июл.2026 15:10:46.222] [modloading-worker-0/INFO] [dev.ryanhcode.sable.Sable/]: Sable loaded!
[10июл.2026 15:10:46.230] [modloading-worker-0/WARN] [dev.ryanhcode.sable.Sable/]: NOTE: Sable is loaded with Flywheel. Sable contains extensive shader overrides and a full light-storage replacement. Expect this to cause compatibility issues. If issues arise, please report them to the Sable issue tracker (https://github.com/ryanhcode/sable/issues) instead of the Flywheel issue tracker.
[10июл.2026 15:10:48.023] [Render thread/INFO] [Veil/]: GL Debug supported
[10июл.2026 15:10:48.219] [Render thread/INFO] [net.neoforged.neoforge.gametest.GameTestHooks/]: Enabled Gametest Namespaces: []
[10июл.2026 15:10:48.434] [Render thread/INFO] [net.minecraft.server.packs.resources.ReloadableResourceManager/]: Reloading ResourceManager: vanilla, mod_resources, mod/veil, mod/simulated, mod/createdieselgenerators, mod/jei, mod/aeronautics, mod/aeronautics_bundled, mod/create_additional_energy_sourses, mod/sablecompanion, mod/flywheel, mod/ponder, mod/create, mod/sable, mod/offroad, mod/neoforge, file/Mini Items (4).zip
[10июл.2026 15:10:48.551] [Worker-Main-2/INFO] [net.minecraft.client.gui.font.providers.UnihexProvider/]: Found unifont_all_no_pua-15.1.05.hex, loading
[10июл.2026 15:10:48.670] [NeoForge Version Check/INFO] [net.neoforged.fml.VersionChecker/]: [create] Starting version check at https://api.modrinth.com/updates/create/forge_updates.json?neoforge=only
[10июл.2026 15:10:48.691] [Worker-Main-1/INFO] [net.minecraft.client.gui.font.providers.UnihexProvider/]: Found unifont_jp_patch-15.1.05.hex, loading
[10июл.2026 15:10:49.254] [Worker-Main-6/ERROR] [Veil/]: Failed to listen to resource: create_additional_energy_sourses:lang/en_us.json
java.nio.file.NoSuchFileException: C:\Users\Kostya\Documents\GitHub\create_AES\resources\main\assets\create_additional_energy_sourses\lang
	at java.base/sun.nio.fs.WindowsException.translateToIOException(WindowsException.java:85) ~[?:?]
	at java.base/sun.nio.fs.WindowsException.asIOException(WindowsException.java:112) ~[?:?]
	at java.base/sun.nio.fs.WindowsWatchService$Poller.implRegister(WindowsWatchService.java:366) ~[?:?]
	at java.base/sun.nio.fs.AbstractPoller.processRequests(AbstractPoller.java:266) ~[?:?]
	at java.base/sun.nio.fs.WindowsWatchService$Poller.run(WindowsWatchService.java:596) ~[?:?]
	at java.base/java.lang.Thread.run(Thread.java:1583) ~[?:?]
[10июл.2026 15:10:49.257] [Worker-Main-6/ERROR] [Veil/]: Failed to listen to resource: create_additional_energy_sourses:models/block/aluminum_i4_engine.json
java.nio.file.NoSuchFileException: C:\Users\Kostya\Documents\GitHub\create_AES\resources\main\assets\create_additional_energy_sourses\models\block
	at java.base/sun.nio.fs.WindowsException.translateToIOException(WindowsException.java:85) ~[?:?]
	at java.base/sun.nio.fs.WindowsException.asIOException(WindowsException.java:112) ~[?:?]
	at java.base/sun.nio.fs.WindowsWatchService$Poller.implRegister(WindowsWatchService.java:366) ~[?:?]
	at java.base/sun.nio.fs.AbstractPoller.processRequests(AbstractPoller.java:266) ~[?:?]
	at java.base/sun.nio.fs.WindowsWatchService$Poller.run(WindowsWatchService.java:596) ~[?:?]
	at java.base/java.lang.Thread.run(Thread.java:1583) ~[?:?]
[10июл.2026 15:10:49.261] [Worker-Main-6/ERROR] [Veil/]: Failed to listen to resource: create_additional_energy_sourses:models/item/advanced_pickaxe.json
java.nio.file.NoSuchFileException: C:\Users\Kostya\Documents\GitHub\create_AES\resources\main\assets\create_additional_energy_sourses\models\item
	at java.base/sun.nio.fs.WindowsException.translateToIOException(WindowsException.java:85) ~[?:?]
	at java.base/sun.nio.fs.WindowsException.asIOException(WindowsException.java:112) ~[?:?]
	at java.base/sun.nio.fs.WindowsWatchService$Poller.implRegister(WindowsWatchService.java:366) ~[?:?]
	at java.base/sun.nio.fs.AbstractPoller.processRequests(AbstractPoller.java:266) ~[?:?]
	at java.base/sun.nio.fs.WindowsWatchService$Poller.run(WindowsWatchService.java:596) ~[?:?]
	at java.base/java.lang.Thread.run(Thread.java:1583) ~[?:?]
[10июл.2026 15:10:49.265] [Worker-Main-6/ERROR] [Veil/]: Failed to listen to resource: create_additional_energy_sourses:textures/block/aluminum_i4_engine.png
java.nio.file.NoSuchFileException: C:\Users\Kostya\Documents\GitHub\create_AES\resources\main\assets\create_additional_energy_sourses\textures\block
	at java.base/sun.nio.fs.WindowsException.translateToIOException(WindowsException.java:85) ~[?:?]
	at java.base/sun.nio.fs.WindowsException.asIOException(WindowsException.java:112) ~[?:?]
	at java.base/sun.nio.fs.WindowsWatchService$Poller.implRegister(WindowsWatchService.java:366) ~[?:?]
	at java.base/sun.nio.fs.AbstractPoller.processRequests(AbstractPoller.java:266) ~[?:?]
	at java.base/sun.nio.fs.WindowsWatchService$Poller.run(WindowsWatchService.java:596) ~[?:?]
	at java.base/java.lang.Thread.run(Thread.java:1583) ~[?:?]
[10июл.2026 15:10:49.270] [Worker-Main-6/ERROR] [Veil/]: Failed to listen to resource: create_additional_energy_sourses:textures/item/advanced_pickaxe.png
java.nio.file.NoSuchFileException: C:\Users\Kostya\Documents\GitHub\create_AES\resources\main\assets\create_additional_energy_sourses\textures\item
	at java.base/sun.nio.fs.WindowsException.translateToIOException(WindowsException.java:85) ~[?:?]
	at java.base/sun.nio.fs.WindowsException.asIOException(WindowsException.java:112) ~[?:?]
	at java.base/sun.nio.fs.WindowsWatchService$Poller.implRegister(WindowsWatchService.java:366) ~[?:?]
	at java.base/sun.nio.fs.AbstractPoller.processRequests(AbstractPoller.java:266) ~[?:?]
	at java.base/sun.nio.fs.WindowsWatchService$Poller.run(WindowsWatchService.java:596) ~[?:?]
	at java.base/java.lang.Thread.run(Thread.java:1583) ~[?:?]
[10июл.2026 15:10:49.347] [NeoForge Version Check/INFO] [net.neoforged.fml.VersionChecker/]: [create] Found status: OUTDATED Current: 6.0.10 Target: 6.0.10+mc1.21.1
[10июл.2026 15:10:49.450] [Worker-Main-15/WARN] [net.minecraft.client.resources.model.ModelBakery/]: Unable to load model: 'minecraft:block' referenced from: simulated:block/rope_connector/block_horizontal: java.io.FileNotFoundException: minecraft:models/block.json
[10июл.2026 15:10:49.537] [Worker-Main-15/WARN] [net.minecraft.client.resources.model.BlockStateModelLoader/]: Exception loading blockstate definition: 'create_additional_energy_sourses:blockstates/v8_engine_classic.json' missing model for variant: 'create_additional_energy_sourses:v8_engine_classic#facing=west'
[10июл.2026 15:10:49.537] [Worker-Main-15/WARN] [net.minecraft.client.resources.model.BlockStateModelLoader/]: Exception loading blockstate definition: 'create_additional_energy_sourses:blockstates/v8_engine_classic.json' missing model for variant: 'create_additional_energy_sourses:v8_engine_classic#facing=north'
[10июл.2026 15:10:49.537] [Worker-Main-15/WARN] [net.minecraft.client.resources.model.BlockStateModelLoader/]: Exception loading blockstate definition: 'create_additional_energy_sourses:blockstates/v8_engine_classic.json' missing model for variant: 'create_additional_energy_sourses:v8_engine_classic#facing=south'
[10июл.2026 15:10:49.537] [Worker-Main-15/WARN] [net.minecraft.client.resources.model.BlockStateModelLoader/]: Exception loading blockstate definition: 'create_additional_energy_sourses:blockstates/v8_engine_classic.json' missing model for variant: 'create_additional_energy_sourses:v8_engine_classic#facing=east'
[10июл.2026 15:10:49.538] [Worker-Main-15/WARN] [net.minecraft.client.resources.model.BlockStateModelLoader/]: Exception loading blockstate definition: 'create_additional_energy_sourses:blockstates/modular_iron_i4_engine.json' missing model for variant: 'create_additional_energy_sourses:modular_iron_i4_engine#facing=east'
[10июл.2026 15:10:49.538] [Worker-Main-15/WARN] [net.minecraft.client.resources.model.BlockStateModelLoader/]: Exception loading blockstate definition: 'create_additional_energy_sourses:blockstates/modular_iron_i4_engine.json' missing model for variant: 'create_additional_energy_sourses:modular_iron_i4_engine#facing=west'
[10июл.2026 15:10:49.538] [Worker-Main-15/WARN] [net.minecraft.client.resources.model.BlockStateModelLoader/]: Exception loading blockstate definition: 'create_additional_energy_sourses:blockstates/modular_iron_i4_engine.json' missing model for variant: 'create_additional_energy_sourses:modular_iron_i4_engine#facing=south'
[10июл.2026 15:10:49.538] [Worker-Main-15/WARN] [net.minecraft.client.resources.model.BlockStateModelLoader/]: Exception loading blockstate definition: 'create_additional_energy_sourses:blockstates/modular_iron_i4_engine.json' missing model for variant: 'create_additional_energy_sourses:modular_iron_i4_engine#facing=north'
[10июл.2026 15:10:49.538] [Worker-Main-15/WARN] [net.minecraft.client.resources.model.BlockStateModelLoader/]: Exception loading blockstate definition: 'create_additional_energy_sourses:blockstates/modular_iron_v8_engine.json' missing model for variant: 'create_additional_energy_sourses:modular_iron_v8_engine#facing=west'
[10июл.2026 15:10:49.538] [Worker-Main-15/WARN] [net.minecraft.client.resources.model.BlockStateModelLoader/]: Exception loading blockstate definition: 'create_additional_energy_sourses:blockstates/modular_iron_v8_engine.json' missing model for variant: 'create_additional_energy_sourses:modular_iron_v8_engine#facing=east'
[10июл.2026 15:10:49.539] [Worker-Main-15/WARN] [net.minecraft.client.resources.model.BlockStateModelLoader/]: Exception loading blockstate definition: 'create_additional_energy_sourses:blockstates/modular_iron_v8_engine.json' missing model for variant: 'create_additional_energy_sourses:modular_iron_v8_engine#facing=north'
[10июл.2026 15:10:49.539] [Worker-Main-15/WARN] [net.minecraft.client.resources.model.BlockStateModelLoader/]: Exception loading blockstate definition: 'create_additional_energy_sourses:blockstates/modular_iron_v8_engine.json' missing model for variant: 'create_additional_energy_sourses:modular_iron_v8_engine#facing=south'
[10июл.2026 15:10:49.539] [Worker-Main-15/WARN] [net.minecraft.client.resources.model.BlockStateModelLoader/]: Exception loading blockstate definition: 'create_additional_energy_sourses:blockstates/modular_iron_w16_engine.json' missing model for variant: 'create_additional_energy_sourses:modular_iron_w16_engine#facing=east'
[10июл.2026 15:10:49.539] [Worker-Main-15/WARN] [net.minecraft.client.resources.model.BlockStateModelLoader/]: Exception loading blockstate definition: 'create_additional_energy_sourses:blockstates/modular_iron_w16_engine.json' missing model for variant: 'create_additional_energy_sourses:modular_iron_w16_engine#facing=west'
[10июл.2026 15:10:49.539] [Worker-Main-15/WARN] [net.minecraft.client.resources.model.BlockStateModelLoader/]: Exception loading blockstate definition: 'create_additional_energy_sourses:blockstates/modular_iron_w16_engine.json' missing model for variant: 'create_additional_energy_sourses:modular_iron_w16_engine#facing=north'
[10июл.2026 15:10:49.539] [Worker-Main-15/WARN] [net.minecraft.client.resources.model.BlockStateModelLoader/]: Exception loading blockstate definition: 'create_additional_energy_sourses:blockstates/modular_iron_w16_engine.json' missing model for variant: 'create_additional_energy_sourses:modular_iron_w16_engine#facing=south'
[10июл.2026 15:10:49.539] [Worker-Main-15/WARN] [net.minecraft.client.resources.model.BlockStateModelLoader/]: Exception loading blockstate definition: 'create_additional_energy_sourses:blockstates/modular_iron_r32_engine.json' missing model for variant: 'create_additional_energy_sourses:modular_iron_r32_engine#facing=south'
[10июл.2026 15:10:49.539] [Worker-Main-15/WARN] [net.minecraft.client.resources.model.BlockStateModelLoader/]: Exception loading blockstate definition: 'create_additional_energy_sourses:blockstates/modular_iron_r32_engine.json' missing model for variant: 'create_additional_energy_sourses:modular_iron_r32_engine#facing=east'
[10июл.2026 15:10:49.539] [Worker-Main-15/WARN] [net.minecraft.client.resources.model.BlockStateModelLoader/]: Exception loading blockstate definition: 'create_additional_energy_sourses:blockstates/modular_iron_r32_engine.json' missing model for variant: 'create_additional_energy_sourses:modular_iron_r32_engine#facing=west'
[10июл.2026 15:10:49.539] [Worker-Main-15/WARN] [net.minecraft.client.resources.model.BlockStateModelLoader/]: Exception loading blockstate definition: 'create_additional_energy_sourses:blockstates/modular_iron_r32_engine.json' missing model for variant: 'create_additional_energy_sourses:modular_iron_r32_engine#facing=north'
[10июл.2026 15:10:49.539] [Worker-Main-15/WARN] [net.minecraft.client.resources.model.BlockStateModelLoader/]: Exception loading blockstate definition: 'create_additional_energy_sourses:blockstates/modular_aluminum_i4_engine.json' missing model for variant: 'create_additional_energy_sourses:modular_aluminum_i4_engine#facing=west'
[10июл.2026 15:10:49.539] [Worker-Main-15/WARN] [net.minecraft.client.resources.model.BlockStateModelLoader/]: Exception loading blockstate definition: 'create_additional_energy_sourses:blockstates/modular_aluminum_i4_engine.json' missing model for variant: 'create_additional_energy_sourses:modular_aluminum_i4_engine#facing=north'
[10июл.2026 15:10:49.539] [Worker-Main-15/WARN] [net.minecraft.client.resources.model.BlockStateModelLoader/]: Exception loading blockstate definition: 'create_additional_energy_sourses:blockstates/modular_aluminum_i4_engine.json' missing model for variant: 'create_additional_energy_sourses:modular_aluminum_i4_engine#facing=east'
[10июл.2026 15:10:49.539] [Worker-Main-15/WARN] [net.minecraft.client.resources.model.BlockStateModelLoader/]: Exception loading blockstate definition: 'create_additional_energy_sourses:blockstates/modular_aluminum_i4_engine.json' missing model for variant: 'create_additional_energy_sourses:modular_aluminum_i4_engine#facing=south'
[10июл.2026 15:10:49.539] [Worker-Main-15/WARN] [net.minecraft.client.resources.model.BlockStateModelLoader/]: Exception loading blockstate definition: 'create_additional_energy_sourses:blockstates/modular_aluminum_v8_engine.json' missing model for variant: 'create_additional_energy_sourses:modular_aluminum_v8_engine#facing=north'
[10июл.2026 15:10:49.539] [Worker-Main-15/WARN] [net.minecraft.client.resources.model.BlockStateModelLoader/]: Exception loading blockstate definition: 'create_additional_energy_sourses:blockstates/modular_aluminum_v8_engine.json' missing model for variant: 'create_additional_energy_sourses:modular_aluminum_v8_engine#facing=west'
[10июл.2026 15:10:49.539] [Worker-Main-15/WARN] [net.minecraft.client.resources.model.BlockStateModelLoader/]: Exception loading blockstate definition: 'create_additional_energy_sourses:blockstates/modular_aluminum_v8_engine.json' missing model for variant: 'create_additional_energy_sourses:modular_aluminum_v8_engine#facing=south'
[10июл.2026 15:10:49.539] [Worker-Main-15/WARN] [net.minecraft.client.resources.model.BlockStateModelLoader/]: Exception loading blockstate definition: 'create_additional_energy_sourses:blockstates/modular_aluminum_v8_engine.json' missing model for variant: 'create_additional_energy_sourses:modular_aluminum_v8_engine#facing=east'
[10июл.2026 15:10:49.539] [Worker-Main-15/WARN] [net.minecraft.client.resources.model.BlockStateModelLoader/]: Exception loading blockstate definition: 'create_additional_energy_sourses:blockstates/modular_aluminum_w16_engine.json' missing model for variant: 'create_additional_energy_sourses:modular_aluminum_w16_engine#facing=south'
[10июл.2026 15:10:49.539] [Worker-Main-15/WARN] [net.minecraft.client.resources.model.BlockStateModelLoader/]: Exception loading blockstate definition: 'create_additional_energy_sourses:blockstates/modular_aluminum_w16_engine.json' missing model for variant: 'create_additional_energy_sourses:modular_aluminum_w16_engine#facing=north'
[10июл.2026 15:10:49.539] [Worker-Main-15/WARN] [net.minecraft.client.resources.model.BlockStateModelLoader/]: Exception loading blockstate definition: 'create_additional_energy_sourses:blockstates/modular_aluminum_w16_engine.json' missing model for variant: 'create_additional_energy_sourses:modular_aluminum_w16_engine#facing=east'
[10июл.2026 15:10:49.539] [Worker-Main-15/WARN] [net.minecraft.client.resources.model.BlockStateModelLoader/]: Exception loading blockstate definition: 'create_additional_energy_sourses:blockstates/modular_aluminum_w16_engine.json' missing model for variant: 'create_additional_energy_sourses:modular_aluminum_w16_engine#facing=west'
[10июл.2026 15:10:49.540] [Worker-Main-15/WARN] [net.minecraft.client.resources.model.BlockStateModelLoader/]: Exception loading blockstate definition: 'create_additional_energy_sourses:blockstates/modular_aluminum_r32_engine.json' missing model for variant: 'create_additional_energy_sourses:modular_aluminum_r32_engine#facing=west'
[10июл.2026 15:10:49.540] [Worker-Main-15/WARN] [net.minecraft.client.resources.model.BlockStateModelLoader/]: Exception loading blockstate definition: 'create_additional_energy_sourses:blockstates/modular_aluminum_r32_engine.json' missing model for variant: 'create_additional_energy_sourses:modular_aluminum_r32_engine#facing=north'
[10июл.2026 15:10:49.540] [Worker-Main-15/WARN] [net.minecraft.client.resources.model.BlockStateModelLoader/]: Exception loading blockstate definition: 'create_additional_energy_sourses:blockstates/modular_aluminum_r32_engine.json' missing model for variant: 'create_additional_energy_sourses:modular_aluminum_r32_engine#facing=south'
[10июл.2026 15:10:49.540] [Worker-Main-15/WARN] [net.minecraft.client.resources.model.BlockStateModelLoader/]: Exception loading blockstate definition: 'create_additional_energy_sourses:blockstates/modular_aluminum_r32_engine.json' missing model for variant: 'create_additional_energy_sourses:modular_aluminum_r32_engine#facing=east'
[10июл.2026 15:10:49.540] [Worker-Main-15/WARN] [net.minecraft.client.resources.model.BlockStateModelLoader/]: Exception loading blockstate definition: 'create_additional_energy_sourses:blockstates/modular_titanium_i4_engine.json' missing model for variant: 'create_additional_energy_sourses:modular_titanium_i4_engine#facing=south'
[10июл.2026 15:10:49.540] [Worker-Main-15/WARN] [net.minecraft.client.resources.model.BlockStateModelLoader/]: Exception loading blockstate definition: 'create_additional_energy_sourses:blockstates/modular_titanium_i4_engine.json' missing model for variant: 'create_additional_energy_sourses:modular_titanium_i4_engine#facing=east'
[10июл.2026 15:10:49.540] [Worker-Main-15/WARN] [net.minecraft.client.resources.model.BlockStateModelLoader/]: Exception loading blockstate definition: 'create_additional_energy_sourses:blockstates/modular_titanium_i4_engine.json' missing model for variant: 'create_additional_energy_sourses:modular_titanium_i4_engine#facing=west'
[10июл.2026 15:10:49.540] [Worker-Main-15/WARN] [net.minecraft.client.resources.model.BlockStateModelLoader/]: Exception loading blockstate definition: 'create_additional_energy_sourses:blockstates/modular_titanium_i4_engine.json' missing model for variant: 'create_additional_energy_sourses:modular_titanium_i4_engine#facing=north'
[10июл.2026 15:10:49.540] [Worker-Main-15/WARN] [net.minecraft.client.resources.model.BlockStateModelLoader/]: Exception loading blockstate definition: 'create_additional_energy_sourses:blockstates/modular_titanium_v8_engine.json' missing model for variant: 'create_additional_energy_sourses:modular_titanium_v8_engine#facing=west'
[10июл.2026 15:10:49.540] [Worker-Main-15/WARN] [net.minecraft.client.resources.model.BlockStateModelLoader/]: Exception loading blockstate definition: 'create_additional_energy_sourses:blockstates/modular_titanium_v8_engine.json' missing model for variant: 'create_additional_energy_sourses:modular_titanium_v8_engine#facing=north'
[10июл.2026 15:10:49.540] [Worker-Main-15/WARN] [net.minecraft.client.resources.model.BlockStateModelLoader/]: Exception loading blockstate definition: 'create_additional_energy_sourses:blockstates/modular_titanium_v8_engine.json' missing model for variant: 'create_additional_energy_sourses:modular_titanium_v8_engine#facing=east'
[10июл.2026 15:10:49.540] [Worker-Main-15/WARN] [net.minecraft.client.resources.model.BlockStateModelLoader/]: Exception loading blockstate definition: 'create_additional_energy_sourses:blockstates/modular_titanium_v8_engine.json' missing model for variant: 'create_additional_energy_sourses:modular_titanium_v8_engine#facing=south'
[10июл.2026 15:10:49.540] [Worker-Main-15/WARN] [net.minecraft.client.resources.model.BlockStateModelLoader/]: Exception loading blockstate definition: 'create_additional_energy_sourses:blockstates/modular_titanium_w16_engine.json' missing model for variant: 'create_additional_energy_sourses:modular_titanium_w16_engine#facing=north'
[10июл.2026 15:10:49.540] [Worker-Main-15/WARN] [net.minecraft.client.resources.model.BlockStateModelLoader/]: Exception loading blockstate definition: 'create_additional_energy_sourses:blockstates/modular_titanium_w16_engine.json' missing model for variant: 'create_additional_energy_sourses:modular_titanium_w16_engine#facing=south'
[10июл.2026 15:10:49.540] [Worker-Main-15/WARN] [net.minecraft.client.resources.model.BlockStateModelLoader/]: Exception loading blockstate definition: 'create_additional_energy_sourses:blockstates/modular_titanium_w16_engine.json' missing model for variant: 'create_additional_energy_sourses:modular_titanium_w16_engine#facing=east'
[10июл.2026 15:10:49.540] [Worker-Main-15/WARN] [net.minecraft.client.resources.model.BlockStateModelLoader/]: Exception loading blockstate definition: 'create_additional_energy_sourses:blockstates/modular_titanium_w16_engine.json' missing model for variant: 'create_additional_energy_sourses:modular_titanium_w16_engine#facing=west'
[10июл.2026 15:10:49.540] [Worker-Main-15/WARN] [net.minecraft.client.resources.model.BlockStateModelLoader/]: Exception loading blockstate definition: 'create_additional_energy_sourses:blockstates/modular_titanium_r32_engine.json' missing model for variant: 'create_additional_energy_sourses:modular_titanium_r32_engine#facing=east'
[10июл.2026 15:10:49.540] [Worker-Main-15/WARN] [net.minecraft.client.resources.model.BlockStateModelLoader/]: Exception loading blockstate definition: 'create_additional_energy_sourses:blockstates/modular_titanium_r32_engine.json' missing model for variant: 'create_additional_energy_sourses:modular_titanium_r32_engine#facing=north'
[10июл.2026 15:10:49.540] [Worker-Main-15/WARN] [net.minecraft.client.resources.model.BlockStateModelLoader/]: Exception loading blockstate definition: 'create_additional_energy_sourses:blockstates/modular_titanium_r32_engine.json' missing model for variant: 'create_additional_energy_sourses:modular_titanium_r32_engine#facing=south'
[10июл.2026 15:10:49.540] [Worker-Main-15/WARN] [net.minecraft.client.resources.model.BlockStateModelLoader/]: Exception loading blockstate definition: 'create_additional_energy_sourses:blockstates/modular_titanium_r32_engine.json' missing model for variant: 'create_additional_energy_sourses:modular_titanium_r32_engine#facing=west'
[10июл.2026 15:10:49.665] [Worker-Main-15/WARN] [net.minecraft.client.resources.model.ModelBakery/]: Unable to load model: 'create_additional_energy_sourses:item/modular_aluminum_w16_engine' referenced from: create_additional_energy_sourses:item/modular_aluminum_w16_engine: java.io.FileNotFoundException: create_additional_energy_sourses:models/item/modular_aluminum_w16_engine.json
[10июл.2026 15:10:49.666] [Worker-Main-15/WARN] [net.minecraft.client.resources.model.ModelBakery/]: Unable to load model: 'create_additional_energy_sourses:item/modular_titanium_r32_engine' referenced from: create_additional_energy_sourses:item/modular_titanium_r32_engine: java.io.FileNotFoundException: create_additional_energy_sourses:models/item/modular_titanium_r32_engine.json
[10июл.2026 15:10:49.666] [Worker-Main-15/WARN] [net.minecraft.client.resources.model.ModelBakery/]: Unable to load model: 'create_additional_energy_sourses:item/modular_titanium_w16_engine' referenced from: create_additional_energy_sourses:item/modular_titanium_w16_engine: java.io.FileNotFoundException: create_additional_energy_sourses:models/item/modular_titanium_w16_engine.json
[10июл.2026 15:10:49.666] [Worker-Main-15/WARN] [net.minecraft.client.resources.model.ModelBakery/]: Unable to load model: 'create_additional_energy_sourses:item/modular_aluminum_r32_engine' referenced from: create_additional_energy_sourses:item/modular_aluminum_r32_engine: java.io.FileNotFoundException: create_additional_energy_sourses:models/item/modular_aluminum_r32_engine.json
[10июл.2026 15:10:49.666] [Worker-Main-15/WARN] [net.minecraft.client.resources.model.ModelBakery/]: Unable to load model: 'create_additional_energy_sourses:item/radiator_titanium' referenced from: create_additional_energy_sourses:item/radiator_titanium: java.io.FileNotFoundException: create_additional_energy_sourses:models/item/radiator_titanium.json
[10июл.2026 15:10:49.666] [Worker-Main-15/WARN] [net.minecraft.client.resources.model.ModelBakery/]: Unable to load model: 'create_additional_energy_sourses:item/modular_aluminum_v8_engine' referenced from: create_additional_energy_sourses:item/modular_aluminum_v8_engine: java.io.FileNotFoundException: create_additional_energy_sourses:models/item/modular_aluminum_v8_engine.json
[10июл.2026 15:10:49.667] [Worker-Main-15/WARN] [net.minecraft.client.resources.model.ModelBakery/]: Unable to load model: 'create_additional_energy_sourses:item/modular_iron_i4_engine' referenced from: create_additional_energy_sourses:item/modular_iron_i4_engine: java.io.FileNotFoundException: create_additional_energy_sourses:models/item/modular_iron_i4_engine.json
[10июл.2026 15:10:49.668] [Worker-Main-15/WARN] [net.minecraft.client.resources.model.ModelBakery/]: Unable to load model: 'create_additional_energy_sourses:item/radiator_steel' referenced from: create_additional_energy_sourses:item/radiator_steel: java.io.FileNotFoundException: create_additional_energy_sourses:models/item/radiator_steel.json
[10июл.2026 15:10:49.669] [Worker-Main-15/WARN] [net.minecraft.client.resources.model.ModelBakery/]: Unable to load model: 'create_additional_energy_sourses:item/radiator_copper' referenced from: create_additional_energy_sourses:item/radiator_copper: java.io.FileNotFoundException: create_additional_energy_sourses:models/item/radiator_copper.json
[10июл.2026 15:10:49.669] [Worker-Main-15/WARN] [net.minecraft.client.resources.model.ModelBakery/]: Unable to load model: 'create_additional_energy_sourses:item/modular_iron_r32_engine' referenced from: create_additional_energy_sourses:item/modular_iron_r32_engine: java.io.FileNotFoundException: create_additional_energy_sourses:models/item/modular_iron_r32_engine.json
[10июл.2026 15:10:49.669] [Worker-Main-15/WARN] [net.minecraft.client.resources.model.ModelBakery/]: Unable to load model: 'create_additional_energy_sourses:item/modular_iron_w16_engine' referenced from: create_additional_energy_sourses:item/modular_iron_w16_engine: java.io.FileNotFoundException: create_additional_energy_sourses:models/item/modular_iron_w16_engine.json
[10июл.2026 15:10:49.669] [Worker-Main-15/WARN] [net.minecraft.client.resources.model.ModelBakery/]: Unable to load model: 'create_additional_energy_sourses:item/modular_iron_v8_engine' referenced from: create_additional_energy_sourses:item/modular_iron_v8_engine: java.io.FileNotFoundException: create_additional_energy_sourses:models/item/modular_iron_v8_engine.json
[10июл.2026 15:10:49.669] [Worker-Main-15/WARN] [net.minecraft.client.resources.model.ModelBakery/]: Unable to load model: 'create_additional_energy_sourses:item/radiator_gold' referenced from: create_additional_energy_sourses:item/radiator_gold: java.io.FileNotFoundException: create_additional_energy_sourses:models/item/radiator_gold.json
[10июл.2026 15:10:49.670] [Worker-Main-15/WARN] [net.minecraft.client.resources.model.ModelBakery/]: Unable to load model: 'create_additional_energy_sourses:item/modular_titanium_i4_engine' referenced from: create_additional_energy_sourses:item/modular_titanium_i4_engine: java.io.FileNotFoundException: create_additional_energy_sourses:models/item/modular_titanium_i4_engine.json
[10июл.2026 15:10:49.670] [Worker-Main-15/WARN] [net.minecraft.client.resources.model.ModelBakery/]: Unable to load model: 'create_additional_energy_sourses:item/modular_titanium_v8_engine' referenced from: create_additional_energy_sourses:item/modular_titanium_v8_engine: java.io.FileNotFoundException: create_additional_energy_sourses:models/item/modular_titanium_v8_engine.json
[10июл.2026 15:10:49.670] [Worker-Main-15/WARN] [net.minecraft.client.resources.model.ModelBakery/]: Unable to load model: 'create_additional_energy_sourses:item/modular_aluminum_i4_engine' referenced from: create_additional_energy_sourses:item/modular_aluminum_i4_engine: java.io.FileNotFoundException: create_additional_energy_sourses:models/item/modular_aluminum_i4_engine.json
[10июл.2026 15:10:49.670] [Worker-Main-15/WARN] [net.minecraft.client.resources.model.ModelBakery/]: Unable to load model: 'create_additional_energy_sourses:item/thermo_generator' referenced from: create_additional_energy_sourses:item/thermo_generator: java.io.FileNotFoundException: create_additional_energy_sourses:models/item/thermo_generator.json
[10июл.2026 15:10:50.282] [Worker-Main-15/WARN] [net.minecraft.client.resources.model.ModelManager/]: Missing textures in model create_additional_energy_sourses:thermo_generator#facing=east:
    minecraft:textures/atlas/blocks.png:create_additional_energy_sourses:block/example
[10июл.2026 15:10:50.282] [Worker-Main-15/WARN] [net.minecraft.client.resources.model.ModelManager/]: Missing textures in model create_additional_energy_sourses:thermo_generator#facing=west:
    minecraft:textures/atlas/blocks.png:create_additional_energy_sourses:block/example
[10июл.2026 15:10:50.282] [Worker-Main-15/WARN] [net.minecraft.client.resources.model.ModelManager/]: Missing textures in model create_additional_energy_sourses:thermo_generator_item#inventory:
    minecraft:textures/atlas/blocks.png:create_additional_energy_sourses:block/example
[10июл.2026 15:10:50.282] [Worker-Main-15/WARN] [net.minecraft.client.resources.model.ModelManager/]: Missing textures in model create_additional_energy_sourses:thermo_generator#facing=north:
    minecraft:textures/atlas/blocks.png:create_additional_energy_sourses:block/example
[10июл.2026 15:10:50.282] [Worker-Main-15/WARN] [net.minecraft.client.resources.model.ModelManager/]: Missing textures in model create_additional_energy_sourses:thermo_generator#facing=south:
    minecraft:textures/atlas/blocks.png:create_additional_energy_sourses:block/example
[10июл.2026 15:10:50.365] [Render thread/INFO] [Veil/]: Loaded 0 shader modifications
[10июл.2026 15:10:50.452] [Render thread/INFO] [Veil/]: Loaded 29 shaders from: pinwheel/shaders/program
[10июл.2026 15:10:50.531] [Worker-Main-2/INFO] [PonderIndex/]: Registering Ponder Scenes took 59.21 ms
[10июл.2026 15:10:50.534] [Worker-Main-2/INFO] [PonderIndex/]: Registering Ponder Tags took 2.880 ms
[10июл.2026 15:10:50.602] [Render thread/WARN] [net.minecraft.client.sounds.SoundEngine/]: Missing sound for event: minecraft:item.goat_horn.play
[10июл.2026 15:10:50.602] [Render thread/WARN] [net.minecraft.client.sounds.SoundEngine/]: Missing sound for event: minecraft:entity.goat.screaming.horn_break
[10июл.2026 15:10:50.624] [Render thread/INFO] [com.mojang.blaze3d.audio.Library/]: OpenAL initialized on device OpenAL Soft on FxSound Speakers (FxSound Audio Enhancer)
[10июл.2026 15:10:50.624] [Render thread/INFO] [net.minecraft.client.sounds.SoundEngine/SOUNDS]: Sound engine started
[10июл.2026 15:10:50.666] [Render thread/INFO] [net.minecraft.client.renderer.texture.TextureAtlas/]: Created: 2048x2048x4 minecraft:textures/atlas/blocks.png-atlas
[10июл.2026 15:10:50.674] [Render thread/INFO] [net.minecraft.client.renderer.texture.TextureAtlas/]: Created: 256x256x4 minecraft:textures/atlas/signs.png-atlas
[10июл.2026 15:10:50.674] [Render thread/INFO] [net.minecraft.client.renderer.texture.TextureAtlas/]: Created: 512x512x4 minecraft:textures/atlas/shield_patterns.png-atlas
[10июл.2026 15:10:50.674] [Render thread/INFO] [net.minecraft.client.renderer.texture.TextureAtlas/]: Created: 512x512x4 minecraft:textures/atlas/banner_patterns.png-atlas
[10июл.2026 15:10:50.674] [Render thread/INFO] [net.minecraft.client.renderer.texture.TextureAtlas/]: Created: 2048x1024x4 minecraft:textures/atlas/armor_trims.png-atlas
[10июл.2026 15:10:50.677] [Render thread/INFO] [net.minecraft.client.renderer.texture.TextureAtlas/]: Created: 256x256x4 minecraft:textures/atlas/chest.png-atlas
[10июл.2026 15:10:50.677] [Render thread/INFO] [net.minecraft.client.renderer.texture.TextureAtlas/]: Created: 128x64x4 minecraft:textures/atlas/decorated_pot.png-atlas
[10июл.2026 15:10:50.677] [Render thread/INFO] [net.minecraft.client.renderer.texture.TextureAtlas/]: Created: 512x256x4 minecraft:textures/atlas/beds.png-atlas
[10июл.2026 15:10:50.677] [Render thread/INFO] [net.minecraft.client.renderer.texture.TextureAtlas/]: Created: 512x256x4 minecraft:textures/atlas/shulker_boxes.png-atlas
[10июл.2026 15:10:50.714] [Render thread/INFO] [net.minecraft.client.renderer.texture.TextureAtlas/]: Created: 512x512x0 minecraft:textures/atlas/particles.png-atlas
[10июл.2026 15:10:50.714] [Render thread/INFO] [net.minecraft.client.renderer.texture.TextureAtlas/]: Created: 512x256x0 minecraft:textures/atlas/paintings.png-atlas
[10июл.2026 15:10:50.714] [Render thread/INFO] [net.minecraft.client.renderer.texture.TextureAtlas/]: Created: 256x128x0 minecraft:textures/atlas/mob_effects.png-atlas
[10июл.2026 15:10:50.715] [Render thread/INFO] [net.minecraft.client.renderer.texture.TextureAtlas/]: Created: 64x64x0 minecraft:textures/atlas/map_decorations.png-atlas
[10июл.2026 15:10:50.715] [Render thread/INFO] [net.minecraft.client.renderer.texture.TextureAtlas/]: Created: 1024x512x0 minecraft:textures/atlas/gui.png-atlas
[10июл.2026 15:10:50.734] [Render thread/WARN] [net.minecraft.client.renderer.ShaderInstance/]: Shader rendertype_entity_translucent_emissive could not find sampler named Sampler2 in the specified shader program.
[10июл.2026 15:10:50.775] [Render thread/INFO] [Veil/]: Loaded 3 framebuffers
[10июл.2026 15:10:50.801] [Render thread/INFO] [Veil/]: Loaded 6 post pipelines
[10июл.2026 15:10:50.813] [Render thread/INFO] [Veil/]: Loaded 4 render types
[10июл.2026 15:10:50.813] [Render thread/INFO] [Veil/]: Enabled bloom pipeline
[10июл.2026 15:10:50.814] [Render thread/INFO] [Veil/]: Loaded 0 quasar particles
[10июл.2026 15:10:50.814] [Render thread/INFO] [Veil/]: Loaded 0 templates
[10июл.2026 15:10:50.814] [Render thread/INFO] [Veil/]: Loaded 0 modules
[10июл.2026 15:10:50.817] [Render thread/INFO] [net.minecraft.client.renderer.texture.TextureAtlas/]: Created: 256x256x0 jei:textures/atlas/gui.png-atlas
[10июл.2026 15:10:50.840] [Render thread/INFO] [flywheel/backend/shaders/]: Loaded 77 shader sources in 15,247 ms
[10июл.2026 15:10:50.859] [Render thread/INFO] [Veil/]: Compiled 58 vanilla shaders in 93.78 ms
[10июл.2026 15:10:50.864] [Render thread/INFO] [com.simibubi.create.Create/]: Loaded 58 train hat configurations.
[10июл.2026 15:10:50.864] [Render thread/INFO] [net.neoforged.neoforge.client.entity.animation.json.AnimationLoader/]: Loaded 0 entity animations
[10июл.2026 15:10:51.806] [Render thread/INFO] [Veil/]: Finished uploading vanilla shaders
[10июл.2026 15:10:57.102] [Render thread/INFO] [com.simibubi.create.Create/]: Created 157 recipes which will be injected into the game
[10июл.2026 15:10:57.106] [Render thread/INFO] [com.simibubi.create.Create/]: Created 0 tags which will be injected into the game
[10июл.2026 15:10:57.648] [Render thread/INFO] [net.minecraft.world.item.crafting.RecipeManager/]: Loaded 3056 recipes
[10июл.2026 15:10:57.744] [Render thread/INFO] [net.minecraft.advancements.AdvancementTree/]: Loaded 2644 advancements
[10июл.2026 15:10:58.374] [Server thread/INFO] [net.minecraft.client.server.IntegratedServer/]: Starting integrated minecraft server version 1.21.1
[10июл.2026 15:10:58.374] [Server thread/INFO] [net.minecraft.server.MinecraftServer/]: Generating keypair
[10июл.2026 15:10:58.560] [Server thread/INFO] [dev.ryanhcode.sable.Sable/]: Assigned physics scene ID 0 to minecraft:overworld
[10июл.2026 15:10:58.653] [Server thread/INFO] [dev.ryanhcode.sable.Sable/]: Assigned physics scene ID 1 to minecraft:the_end
[10июл.2026 15:10:58.672] [Server thread/INFO] [dev.ryanhcode.sable.Sable/]: Assigned physics scene ID 2 to minecraft:the_nether
[10июл.2026 15:10:58.683] [Server thread/INFO] [net.minecraft.server.MinecraftServer/]: Preparing start region for dimension minecraft:overworld
[10июл.2026 15:10:58.773] [progressListener/INFO] [net.minecraft.server.level.progress.LoggerChunkProgressListener/]: Preparing spawn area: 0%
[10июл.2026 15:10:58.823] [Server thread/INFO] [net.neoforged.neoforge.server.permission.PermissionAPI/]: Successfully initialized permission handler neoforge:default_handler
[10июл.2026 15:10:58.829] [progressListener/INFO] [net.minecraft.server.level.progress.LoggerChunkProgressListener/]: Time elapsed: 128 ms
[10июл.2026 15:10:58.873] [Server thread/INFO] [net.minecraft.client.server.IntegratedServer/]: Changing view distance to 11, from 10
[10июл.2026 15:10:58.874] [Server thread/INFO] [net.minecraft.client.server.IntegratedServer/]: Changing simulation distance to 11, from 0
[10июл.2026 15:10:58.965] [Render thread/INFO] [dev.ryanhcode.sable.Sable/]: Adding local UDP server channel future
[10июл.2026 15:10:58.968] [Render thread/WARN] [io.netty.bootstrap.Bootstrap/]: Unknown channel option 'SO_BROADCAST' for channel '[id: 0x2715f70e]'
[10июл.2026 15:10:58.972] [Netty Server IO #1/INFO] [dev.ryanhcode.sable.Sable/]: Server UDP channel active
[10июл.2026 15:10:58.987] [Render thread/INFO] [dev.ryanhcode.sable.Sable/]: Starting local client UDP channel future
[10июл.2026 15:10:58.988] [Netty Local Client IO #1/INFO] [dev.ryanhcode.sable.Sable/]: Client UDP channel active
[10июл.2026 15:10:59.119] [Render thread/INFO] [com.simibubi.create.Create/]: Created 157 recipes which will be injected into the game
[10июл.2026 15:10:59.120] [Render thread/INFO] [com.simibubi.create.Create/]: Created 0 tags which will be injected into the game
[10июл.2026 15:10:59.270] [Server thread/INFO] [net.minecraft.server.players.PlayerList/]: Dev[local:E:919f6d86] logged in with entity id 23 at (-2.212821027584335, -56.9375, -5.2948507324373875)
[10июл.2026 15:10:59.273] [Server thread/INFO] [dev.ryanhcode.sable.Sable/]: Beginning attempted authentication with player Dev
[10июл.2026 15:10:59.336] [Server thread/INFO] [net.minecraft.server.MinecraftServer/]: Dev joined the game
[10июл.2026 15:11:00.114] [Render thread/INFO] [flywheel/]: Started 10 worker threads
[10июл.2026 15:11:00.149] [Render thread/INFO] [mezz.jei.core.util.LoggedTimer/]: Starting JEI...
[10июл.2026 15:11:00.156] [Render thread/INFO] [mezz.jei.library.load.PluginCaller/]: Registering item subtypes...
[10июл.2026 15:11:00.163] [Render thread/INFO] [mezz.jei.library.load.PluginCaller/]: Registering item subtypes took 6.057 milliseconds
[10июл.2026 15:11:00.164] [Render thread/INFO] [mezz.jei.library.load.PluginCaller/]: Registering fluid subtypes...
[10июл.2026 15:11:00.166] [Render thread/INFO] [mezz.jei.library.load.PluginCaller/]: Registering fluid subtypes took 2.130 milliseconds
[10июл.2026 15:11:00.168] [Render thread/INFO] [mezz.jei.library.load.PluginCaller/]: Registering ingredients...
[10июл.2026 15:11:00.229] [Render thread/WARN] [mezz.jei.library.plugins.vanilla.ingredients.ItemStackListFactory/]: 1 duplicate items were found in 'Create: Diesel Generators' creative tab's: displayItems
This may indicate that these types of item need a subtype interpreter added to JEI:
[createdieselgenerators:track_layers_bag]
[10июл.2026 15:11:00.268] [Render thread/INFO] [mezz.jei.library.load.PluginCallerTimerRunnable/]: Registering ingredients: jei:minecraft took 100.6 milliseconds
[10июл.2026 15:11:00.268] [Render thread/INFO] [mezz.jei.library.load.PluginCaller/]: Registering ingredients took 101.0 milliseconds
[10июл.2026 15:11:00.268] [Render thread/INFO] [mezz.jei.library.load.PluginCaller/]: Registering extra ingredients...
[10июл.2026 15:11:00.272] [Render thread/INFO] [mezz.jei.library.load.PluginCaller/]: Registering extra ingredients took 3.771 milliseconds
[10июл.2026 15:11:00.273] [Render thread/INFO] [mezz.jei.library.load.PluginCaller/]: Registering search ingredient aliases...
[10июл.2026 15:11:00.274] [Render thread/INFO] [mezz.jei.library.load.PluginCaller/]: Registering search ingredient aliases took 1.107 milliseconds
[10июл.2026 15:11:00.294] [Render thread/INFO] [mezz.jei.library.load.PluginCaller/]: Registering Mod Info...
[10июл.2026 15:11:00.295] [Render thread/INFO] [mezz.jei.library.load.PluginCaller/]: Registering Mod Info took 741.2 microseconds
[10июл.2026 15:11:00.310] [Render thread/INFO] [mezz.jei.library.load.PluginCaller/]: Registering categories...
[10июл.2026 15:11:00.325] [Render thread/INFO] [mezz.jei.library.load.PluginCallerTimerRunnable/]: Registering categories: jei:minecraft took 14.57 milliseconds
[10июл.2026 15:11:00.340] [Render thread/INFO] [mezz.jei.library.load.PluginCallerTimerRunnable/]: Registering categories: createdieselgenerators:jei_plugin took 15.13 milliseconds
[10июл.2026 15:11:00.371] [Render thread/INFO] [mezz.jei.library.load.PluginCallerTimerRunnable/]: Registering categories: create:jei_plugin took 30.26 milliseconds
[10июл.2026 15:11:00.375] [Render thread/INFO] [mezz.jei.library.load.PluginCaller/]: Registering categories took 64.63 milliseconds
[10июл.2026 15:11:00.376] [Render thread/INFO] [mezz.jei.library.load.PluginCaller/]: Registering vanilla category extensions...
[10июл.2026 15:11:00.378] [Render thread/INFO] [mezz.jei.library.load.PluginCaller/]: Registering vanilla category extensions took 3.204 milliseconds
[10июл.2026 15:11:00.380] [Render thread/INFO] [mezz.jei.library.load.PluginCaller/]: Registering recipe catalysts...
[10июл.2026 15:11:00.382] [Render thread/INFO] [mezz.jei.library.load.PluginCaller/]: Registering recipe catalysts took 1.519 milliseconds
[10июл.2026 15:11:00.382] [Render thread/INFO] [mezz.jei.core.util.LoggedTimer/]: Building recipe registry...
[10июл.2026 15:11:00.392] [Render thread/INFO] [mezz.jei.core.util.LoggedTimer/]: Building recipe registry took 10.41 milliseconds
[10июл.2026 15:11:00.393] [Render thread/INFO] [mezz.jei.library.load.PluginCaller/]: Registering advanced plugins...
[10июл.2026 15:11:00.394] [Render thread/INFO] [mezz.jei.library.load.PluginCaller/]: Registering advanced plugins took 406.0 microseconds
[10июл.2026 15:11:00.394] [Render thread/INFO] [mezz.jei.library.load.PluginCaller/]: Registering recipes...
[10июл.2026 15:11:00.490] [Render thread/INFO] [mezz.jei.library.load.PluginCallerTimerRunnable/]: Registering recipes: jei:minecraft took 94.60 milliseconds
[10июл.2026 15:11:00.549] [Render thread/INFO] [mezz.jei.library.load.PluginCallerTimerRunnable/]: Registering recipes: create:jei_plugin took 55.75 milliseconds
[10июл.2026 15:11:00.567] [Render thread/INFO] [mezz.jei.library.load.PluginCallerTimerRunnable/]: Registering recipes: jei:internal took 17.86 milliseconds
[10июл.2026 15:11:00.567] [Render thread/INFO] [mezz.jei.library.load.PluginCaller/]: Registering recipes took 172.3 milliseconds
[10июл.2026 15:11:00.573] [Render thread/INFO] [mezz.jei.library.load.PluginCaller/]: Registering recipes transfer handlers...
[10июл.2026 15:11:00.576] [Render thread/INFO] [mezz.jei.library.load.PluginCaller/]: Registering recipes transfer handlers took 2.809 milliseconds
[10июл.2026 15:11:00.579] [Render thread/INFO] [mezz.jei.core.util.LoggedTimer/]: Building runtime...
[10июл.2026 15:11:00.588] [Render thread/INFO] [mezz.jei.library.load.PluginCaller/]: Registering gui handlers...
[10июл.2026 15:11:00.598] [Render thread/INFO] [mezz.jei.library.load.PluginCaller/]: Registering gui handlers took 9.907 milliseconds
[10июл.2026 15:11:00.603] [Render thread/INFO] [mezz.jei.library.load.PluginCaller/]: Registering Runtime...
[10июл.2026 15:11:00.605] [Render thread/INFO] [mezz.jei.gui.startup.JeiGuiStarter/]: Starting JEI GUI
[10июл.2026 15:11:00.605] [Render thread/INFO] [mezz.jei.core.util.LoggedTimer/]: Building ingredient list...
[10июл.2026 15:11:00.618] [Render thread/INFO] [mezz.jei.core.util.LoggedTimer/]: Building ingredient list took 12.77 milliseconds
[10июл.2026 15:11:00.618] [Render thread/INFO] [mezz.jei.core.util.LoggedTimer/]: Building ingredient filter...
[10июл.2026 15:11:00.650] [Render thread/INFO] [mezz.jei.gui.ingredients.IngredientFilter/]: Adding 2649 ingredients
[10июл.2026 15:11:00.820] [Render thread/INFO] [mezz.jei.gui.ingredients.IngredientFilter/]: Added 2649 ingredients
[10июл.2026 15:11:00.821] [Render thread/INFO] [mezz.jei.core.util.LoggedTimer/]: Building ingredient filter took 201.8 milliseconds
[10июл.2026 15:11:00.912] [Render thread/INFO] [mezz.jei.library.load.PluginCallerTimerRunnable/]: Registering Runtime: jei:neoforge_gui took 308.5 milliseconds
[10июл.2026 15:11:00.913] [Render thread/INFO] [mezz.jei.library.load.PluginCaller/]: Registering Runtime took 309.2 milliseconds
[10июл.2026 15:11:00.913] [Render thread/INFO] [mezz.jei.core.util.LoggedTimer/]: Building runtime took 333.6 milliseconds
[10июл.2026 15:11:00.913] [Render thread/INFO] [mezz.jei.library.load.PluginCaller/]: Sending Runtime...
[10июл.2026 15:11:00.914] [Render thread/INFO] [mezz.jei.library.load.PluginCaller/]: Sending Runtime took 343.6 microseconds
[10июл.2026 15:11:00.914] [Render thread/INFO] [mezz.jei.core.util.LoggedTimer/]: Starting JEI took 764.6 milliseconds
[10июл.2026 15:11:00.927] [Render thread/INFO] [net.minecraft.advancements.AdvancementTree/]: Loaded 51 advancements
[10июл.2026 15:11:01.160] [Render thread/INFO] [Veil/]: Multi-Bind supported, using core
[10июл.2026 15:11:11.725] [Server thread/INFO] [net.minecraft.client.server.IntegratedServer/]: Saving and pausing game...
[10июл.2026 15:11:11.740] [Server thread/INFO] [net.minecraft.server.MinecraftServer/]: Saving chunks for level 'ServerLevel[New World]'/minecraft:overworld
[10июл.2026 15:11:11.741] [Server thread/INFO] [dev.ryanhcode.sable.Sable/]: Saving sub-levels for level 'ServerLevel[New World]'/minecraft:overworld
[10июл.2026 15:11:11.749] [Server thread/INFO] [net.minecraft.server.MinecraftServer/]: Saving chunks for level 'ServerLevel[New World]'/minecraft:the_end
[10июл.2026 15:11:11.749] [Server thread/INFO] [dev.ryanhcode.sable.Sable/]: Saving sub-levels for level 'ServerLevel[New World]'/minecraft:the_end
[10июл.2026 15:11:11.749] [Server thread/INFO] [net.minecraft.server.MinecraftServer/]: Saving chunks for level 'ServerLevel[New World]'/minecraft:the_nether
[10июл.2026 15:11:11.749] [Server thread/INFO] [dev.ryanhcode.sable.Sable/]: Saving sub-levels for level 'ServerLevel[New World]'/minecraft:the_nether
